[590, 605, 620, 635, 650]
[1490, 1530, 1570, 1610, 1650]
[2390, 2455, 2520, 2585, 2650]
[3290, 3380, 3470, 3560, 3650]
[4190, 4305, 4420, 4535, 4650]
