7*7=49 7*8=56 7*9=63 
8*7=56 8*8=64 8*9=72 
9*7=63 9*8=72 9*9=81 
