93*93=8649 93*94=8742 93*95=:=) 
94*93=8742 94*94=8836 94*95=8930 
95*93=:=) 95*94=8930 95*95=9025 
