228*228=51984 228*229=:=) 228*230=52440 
229*228=:=) 229*229=52441 229*230=52670 
230*228=52440 230*229=52670 230*230=52900 
