путь меж камней маршрут нелинейный мы переживем это смутное время
