TTTTORTOR TTTORTTOR TTTORTORT TTTORTORO TTTORTORR TTTOROTOR TTTORRTOR TTOTORTOR TTORTTTOR TTORTTORT TTORTTORO TTORTTORR TTORTOTOR TTORTORTT TTORTORTO TTORTORTR TTORTOROT TTORTOROO TTORTOROR TTORTORRT TTORTORRO TTORTORRR TTORTRTOR TTOROTTOR TTOROTORT TTOROTORO TTOROTORR TTOROOTOR TTORORTOR TTORRTTOR TTORRTORT TTORRTORO TTORRTORR TTORROTOR TTORRRTOR TTRTORTOR TOTTORTOR TOTORTTOR TOTORTORT TOTORTORO TOTORTORR TOTOROTOR TOTORRTOR TOOTORTOR TORTTTTOR TORTTTORT TORTTTORO TORTTTORR TORTTOTOR TORTTORTT TORTTORTO TORTTORTR TORTTOROT TORTTOROO TORTTOROR TORTTORRT TORTTORRO TORTTORRR TORTTRTOR TORTOTTOR TORTOTORT TORTOTORO TORTOTORR TORTOOTOR TORTORTTT TORTORTTO TORTORTTR TORTORTOT TORTORTOO TORTORTRT TORTORTRO TORTORTRR TORTOROTT TORTOROTO TORTOROTR TORTOROOT TORTOROOO TORTOROOR TORTORORT TORTORORO TORTORORR TORTORRTT TORTORRTO TORTORRTR TORTORROT TORTORROO TORTORROR TORTORRRT TORTORRRO TORTORRRR TORTRTTOR TORTRTORT TORTRTORO TORTRTORR TORTROTOR TORTRRTOR TOROTTTOR TOROTTORT TOROTTORO TOROTTORR TOROTOTOR TOROTORTT TOROTORTO TOROTORTR TOROTOROT TOROTOROO TOROTOROR TOROTORRT TOROTORRO TOROTORRR TOROTRTOR TOROOTTOR TOROOTORT TOROOTORO TOROOTORR TOROOOTOR TOROORTOR TORORTTOR TORORTORT TORORTORO TORORTORR TOROROTOR TORORRTOR TORRTTTOR TORRTTORT TORRTTORO TORRTTORR TORRTOTOR TORRTORTT TORRTORTO TORRTORTR TORRTOROT TORRTOROO TORRTOROR TORRTORRT TORRTORRO TORRTORRR TORRTRTOR TORROTTOR TORROTORT TORROTORO TORROTORR TORROOTOR TORRORTOR TORRRTTOR TORRRTORT TORRRTORO TORRRTORR TORRROTOR TORRRRTOR TRTTORTOR TRTORTTOR TRTORTORT TRTORTORO TRTORTORR TRTOROTOR TRTORRTOR TROTORTOR TRRTORTOR OTTTORTOR OTTORTTOR OTTORTORT OTTORTORO OTTORTORR OTTOROTOR OTTORRTOR OTOTORTOR OTORTTTOR OTORTTORT OTORTTORO OTORTTORR OTORTOTOR OTORTORTT OTORTORTO OTORTORTR OTORTOROT OTORTOROO OTORTOROR OTORTORRT OTORTORRO OTORTORRR OTORTRTOR OTOROTTOR OTOROTORT OTOROTORO OTOROTORR OTOROOTOR OTORORTOR OTORRTTOR OTORRTORT OTORRTORO OTORRTORR OTORROTOR OTORRRTOR OTRTORTOR OOTTORTOR OOTORTTOR OOTORTORT OOTORTORO OOTORTORR OOTOROTOR OOTORRTOR OOOTORTOR OORTORTOR ORTTORTOR ORTORTTOR ORTORTORT ORTORTORO ORTORTORR ORTOROTOR ORTORRTOR OROTORTOR ORRTORTOR RTTTORTOR RTTORTTOR RTTORTORT RTTORTORO RTTORTORR RTTOROTOR RTTORRTOR RTOTORTOR RTORTTTOR RTORTTORT RTORTTORO RTORTTORR RTORTOTOR RTORTORTT RTORTORTO RTORTORTR RTORTOROT RTORTOROO RTORTOROR RTORTORRT RTORTORRO RTORTORRR RTORTRTOR RTOROTTOR RTOROTORT RTOROTORO RTOROTORR RTOROOTOR RTORORTOR RTORRTTOR RTORRTORT RTORRTORO RTORRTORR RTORROTOR RTORRRTOR RTRTORTOR ROTTORTOR ROTORTTOR ROTORTORT ROTORTORO ROTORTORR ROTOROTOR ROTORRTOR ROOTORTOR RORTORTOR RRTTORTOR RRTORTTOR RRTORTORT RRTORTORO RRTORTORR RRTOROTOR RRTORRTOR RROTORTOR RRRTORTOR
