TTTTTORTOR TTTTORTTOR TTTTORTORT TTTTORTORO TTTTORTORR TTTTOROTOR TTTTORRTOR TTTOTORTOR TTTORTTTOR TTTORTTORT TTTORTTORO TTTORTTORR TTTORTOTOR TTTORTORTT TTTORTORTO TTTORTORTR TTTORTOROT TTTORTOROO TTTORTOROR TTTORTORRT TTTORTORRO TTTORTORRR TTTORTRTOR TTTOROTTOR TTTOROTORT TTTOROTORO TTTOROTORR TTTOROOTOR TTTORORTOR TTTORRTTOR TTTORRTORT TTTORRTORO TTTORRTORR TTTORROTOR TTTORRRTOR TTTRTORTOR TTOTTORTOR TTOTORTTOR TTOTORTORT TTOTORTORO TTOTORTORR TTOTOROTOR TTOTORRTOR TTOOTORTOR TTORTTTTOR TTORTTTORT TTORTTTORO TTORTTTORR TTORTTOTOR TTORTTORTT TTORTTORTO TTORTTORTR TTORTTOROT TTORTTOROO TTORTTOROR TTORTTORRT TTORTTORRO TTORTTORRR TTORTTRTOR TTORTOTTOR TTORTOTORT TTORTOTORO TTORTOTORR TTORTOOTOR TTORTORTTT TTORTORTTO TTORTORTTR TTORTORTOT TTORTORTOO TTORTORTRT TTORTORTRO TTORTORTRR TTORTOROTT TTORTOROTO TTORTOROTR TTORTOROOT TTORTOROOO TTORTOROOR TTORTORORT TTORTORORO TTORTORORR TTORTORRTT TTORTORRTO TTORTORRTR TTORTORROT TTORTORROO TTORTORROR TTORTORRRT TTORTORRRO TTORTORRRR TTORTRTTOR TTORTRTORT TTORTRTORO TTORTRTORR TTORTROTOR TTORTRRTOR TTOROTTTOR TTOROTTORT TTOROTTORO TTOROTTORR TTOROTOTOR TTOROTORTT TTOROTORTO TTOROTORTR TTOROTOROT TTOROTOROO TTOROTOROR TTOROTORRT TTOROTORRO TTOROTORRR TTOROTRTOR TTOROOTTOR TTOROOTORT TTOROOTORO TTOROOTORR TTOROOOTOR TTOROORTOR TTORORTTOR TTORORTORT TTORORTORO TTORORTORR TTOROROTOR TTORORRTOR TTORRTTTOR TTORRTTORT TTORRTTORO TTORRTTORR TTORRTOTOR TTORRTORTT TTORRTORTO TTORRTORTR TTORRTOROT TTORRTOROO TTORRTOROR TTORRTORRT TTORRTORRO TTORRTORRR TTORRTRTOR TTORROTTOR TTORROTORT TTORROTORO TTORROTORR TTORROOTOR TTORRORTOR TTORRRTTOR TTORRRTORT TTORRRTORO TTORRRTORR TTORRROTOR TTORRRRTOR TTRTTORTOR TTRTORTTOR TTRTORTORT TTRTORTORO TTRTORTORR TTRTOROTOR TTRTORRTOR TTROTORTOR TTRRTORTOR TOTTTORTOR TOTTORTTOR TOTTORTORT TOTTORTORO TOTTORTORR TOTTOROTOR TOTTORRTOR TOTOTORTOR TOTORTTTOR TOTORTTORT TOTORTTORO TOTORTTORR TOTORTOTOR TOTORTORTT TOTORTORTO TOTORTORTR TOTORTOROT TOTORTOROO TOTORTOROR TOTORTORRT TOTORTORRO TOTORTORRR TOTORTRTOR TOTOROTTOR TOTOROTORT TOTOROTORO TOTOROTORR TOTOROOTOR TOTORORTOR TOTORRTTOR TOTORRTORT TOTORRTORO TOTORRTORR TOTORROTOR TOTORRRTOR TOTRTORTOR TOOTTORTOR TOOTORTTOR TOOTORTORT TOOTORTORO TOOTORTORR TOOTOROTOR TOOTORRTOR TOOOTORTOR TOORTORTOR TORTTTTTOR TORTTTTORT TORTTTTORO TORTTTTORR TORTTTOTOR TORTTTORTT TORTTTORTO TORTTTORTR TORTTTOROT TORTTTOROO TORTTTOROR TORTTTORRT TORTTTORRO TORTTTORRR TORTTTRTOR TORTTOTTOR TORTTOTORT TORTTOTORO TORTTOTORR TORTTOOTOR TORTTORTTT TORTTORTTO TORTTORTTR TORTTORTOT TORTTORTOO TORTTORTRT TORTTORTRO TORTTORTRR TORTTOROTT TORTTOROTO TORTTOROTR TORTTOROOT TORTTOROOO TORTTOROOR TORTTORORT TORTTORORO TORTTORORR TORTTORRTT TORTTORRTO TORTTORRTR TORTTORROT TORTTORROO TORTTORROR TORTTORRRT TORTTORRRO TORTTORRRR TORTTRTTOR TORTTRTORT TORTTRTORO TORTTRTORR TORTTROTOR TORTTRRTOR TORTOTTTOR TORTOTTORT TORTOTTORO TORTOTTORR TORTOTOTOR TORTOTORTT TORTOTORTO TORTOTORTR TORTOTOROT TORTOTOROO TORTOTOROR TORTOTORRT TORTOTORRO TORTOTORRR TORTOTRTOR TORTOOTTOR TORTOOTORT TORTOOTORO TORTOOTORR TORTOOOTOR TORTOORTOR TORTORTTTT TORTORTTTO TORTORTTTR TORTORTTOT TORTORTTOO TORTORTTRT TORTORTTRO TORTORTTRR TORTORTOTT TORTORTOTO TORTORTOTR TORTORTOOT TORTORTOOO TORTORTOOR TORTORTRTT TORTORTRTO TORTORTRTR TORTORTROT TORTORTROO TORTORTROR TORTORTRRT TORTORTRRO TORTORTRRR TORTOROTTT TORTOROTTO TORTOROTTR TORTOROTOT TORTOROTOO TORTOROTRT TORTOROTRO TORTOROTRR TORTOROOTT TORTOROOTO TORTOROOTR TORTOROOOT TORTOROOOO TORTOROOOR TORTOROORT TORTOROORO TORTOROORR TORTORORTT TORTORORTO TORTORORTR TORTOROROT TORTOROROO TORTOROROR TORTORORRT TORTORORRO TORTORORRR TORTORRTTT TORTORRTTO TORTORRTTR TORTORRTOT TORTORRTOO TORTORRTRT TORTORRTRO TORTORRTRR TORTORROTT TORTORROTO TORTORROTR TORTORROOT TORTORROOO TORTORROOR TORTORRORT TORTORRORO TORTORRORR TORTORRRTT TORTORRRTO TORTORRRTR TORTORRROT TORTORRROO TORTORRROR TORTORRRRT TORTORRRRO TORTORRRRR TORTRTTTOR TORTRTTORT TORTRTTORO TORTRTTORR TORTRTOTOR TORTRTORTT TORTRTORTO TORTRTORTR TORTRTOROT TORTRTOROO TORTRTOROR TORTRTORRT TORTRTORRO TORTRTORRR TORTRTRTOR TORTROTTOR TORTROTORT TORTROTORO TORTROTORR TORTROOTOR TORTRORTOR TORTRRTTOR TORTRRTORT TORTRRTORO TORTRRTORR TORTRROTOR TORTRRRTOR TOROTTTTOR TOROTTTORT TOROTTTORO TOROTTTORR TOROTTOTOR TOROTTORTT TOROTTORTO TOROTTORTR TOROTTOROT TOROTTOROO TOROTTOROR TOROTTORRT TOROTTORRO TOROTTORRR TOROTTRTOR TOROTOTTOR TOROTOTORT TOROTOTORO TOROTOTORR TOROTOOTOR TOROTORTTT TOROTORTTO TOROTORTTR TOROTORTOT TOROTORTOO TOROTORTRT TOROTORTRO TOROTORTRR TOROTOROTT TOROTOROTO TOROTOROTR TOROTOROOT TOROTOROOO TOROTOROOR TOROTORORT TOROTORORO TOROTORORR TOROTORRTT TOROTORRTO TOROTORRTR TOROTORROT TOROTORROO TOROTORROR TOROTORRRT TOROTORRRO TOROTORRRR TOROTRTTOR TOROTRTORT TOROTRTORO TOROTRTORR TOROTROTOR TOROTRRTOR TOROOTTTOR TOROOTTORT TOROOTTORO TOROOTTORR TOROOTOTOR TOROOTORTT TOROOTORTO TOROOTORTR TOROOTOROT TOROOTOROO TOROOTOROR TOROOTORRT TOROOTORRO TOROOTORRR TOROOTRTOR TOROOOTTOR TOROOOTORT TOROOOTORO TOROOOTORR TOROOOOTOR TOROOORTOR TOROORTTOR TOROORTORT TOROORTORO TOROORTORR TOROOROTOR TOROORRTOR TORORTTTOR TORORTTORT TORORTTORO TORORTTORR TORORTOTOR TORORTORTT TORORTORTO TORORTORTR TORORTOROT TORORTOROO TORORTOROR TORORTORRT TORORTORRO TORORTORRR TORORTRTOR TOROROTTOR TOROROTORT TOROROTORO TOROROTORR TOROROOTOR TORORORTOR TORORRTTOR TORORRTORT TORORRTORO TORORRTORR TORORROTOR TORORRRTOR TORRTTTTOR TORRTTTORT TORRTTTORO TORRTTTORR TORRTTOTOR TORRTTORTT TORRTTORTO TORRTTORTR TORRTTOROT TORRTTOROO TORRTTOROR TORRTTORRT TORRTTORRO TORRTTORRR TORRTTRTOR TORRTOTTOR TORRTOTORT TORRTOTORO TORRTOTORR TORRTOOTOR TORRTORTTT TORRTORTTO TORRTORTTR TORRTORTOT TORRTORTOO TORRTORTRT TORRTORTRO TORRTORTRR TORRTOROTT TORRTOROTO TORRTOROTR TORRTOROOT TORRTOROOO TORRTOROOR TORRTORORT TORRTORORO TORRTORORR TORRTORRTT TORRTORRTO TORRTORRTR TORRTORROT TORRTORROO TORRTORROR TORRTORRRT TORRTORRRO TORRTORRRR TORRTRTTOR TORRTRTORT TORRTRTORO TORRTRTORR TORRTROTOR TORRTRRTOR TORROTTTOR TORROTTORT TORROTTORO TORROTTORR TORROTOTOR TORROTORTT TORROTORTO TORROTORTR TORROTOROT TORROTOROO TORROTOROR TORROTORRT TORROTORRO TORROTORRR TORROTRTOR TORROOTTOR TORROOTORT TORROOTORO TORROOTORR TORROOOTOR TORROORTOR TORRORTTOR TORRORTORT TORRORTORO TORRORTORR TORROROTOR TORRORRTOR TORRRTTTOR TORRRTTORT TORRRTTORO TORRRTTORR TORRRTOTOR TORRRTORTT TORRRTORTO TORRRTORTR TORRRTOROT TORRRTOROO TORRRTOROR TORRRTORRT TORRRTORRO TORRRTORRR TORRRTRTOR TORRROTTOR TORRROTORT TORRROTORO TORRROTORR TORRROOTOR TORRRORTOR TORRRRTTOR TORRRRTORT TORRRRTORO TORRRRTORR TORRRROTOR TORRRRRTOR TRTTTORTOR TRTTORTTOR TRTTORTORT TRTTORTORO TRTTORTORR TRTTOROTOR TRTTORRTOR TRTOTORTOR TRTORTTTOR TRTORTTORT TRTORTTORO TRTORTTORR TRTORTOTOR TRTORTORTT TRTORTORTO TRTORTORTR TRTORTOROT TRTORTOROO TRTORTOROR TRTORTORRT TRTORTORRO TRTORTORRR TRTORTRTOR TRTOROTTOR TRTOROTORT TRTOROTORO TRTOROTORR TRTOROOTOR TRTORORTOR TRTORRTTOR TRTORRTORT TRTORRTORO TRTORRTORR TRTORROTOR TRTORRRTOR TRTRTORTOR TROTTORTOR TROTORTTOR TROTORTORT TROTORTORO TROTORTORR TROTOROTOR TROTORRTOR TROOTORTOR TRORTORTOR TRRTTORTOR TRRTORTTOR TRRTORTORT TRRTORTORO TRRTORTORR TRRTOROTOR TRRTORRTOR TRROTORTOR TRRRTORTOR OTTTTORTOR OTTTORTTOR OTTTORTORT OTTTORTORO OTTTORTORR OTTTOROTOR OTTTORRTOR OTTOTORTOR OTTORTTTOR OTTORTTORT OTTORTTORO OTTORTTORR OTTORTOTOR OTTORTORTT OTTORTORTO OTTORTORTR OTTORTOROT OTTORTOROO OTTORTOROR OTTORTORRT OTTORTORRO OTTORTORRR OTTORTRTOR OTTOROTTOR OTTOROTORT OTTOROTORO OTTOROTORR OTTOROOTOR OTTORORTOR OTTORRTTOR OTTORRTORT OTTORRTORO OTTORRTORR OTTORROTOR OTTORRRTOR OTTRTORTOR OTOTTORTOR OTOTORTTOR OTOTORTORT OTOTORTORO OTOTORTORR OTOTOROTOR OTOTORRTOR OTOOTORTOR OTORTTTTOR OTORTTTORT OTORTTTORO OTORTTTORR OTORTTOTOR OTORTTORTT OTORTTORTO OTORTTORTR OTORTTOROT OTORTTOROO OTORTTOROR OTORTTORRT OTORTTORRO OTORTTORRR OTORTTRTOR OTORTOTTOR OTORTOTORT OTORTOTORO OTORTOTORR OTORTOOTOR OTORTORTTT OTORTORTTO OTORTORTTR OTORTORTOT OTORTORTOO OTORTORTRT OTORTORTRO OTORTORTRR OTORTOROTT OTORTOROTO OTORTOROTR OTORTOROOT OTORTOROOO OTORTOROOR OTORTORORT OTORTORORO OTORTORORR OTORTORRTT OTORTORRTO OTORTORRTR OTORTORROT OTORTORROO OTORTORROR OTORTORRRT OTORTORRRO OTORTORRRR OTORTRTTOR OTORTRTORT OTORTRTORO OTORTRTORR OTORTROTOR OTORTRRTOR OTOROTTTOR OTOROTTORT OTOROTTORO OTOROTTORR OTOROTOTOR OTOROTORTT OTOROTORTO OTOROTORTR OTOROTOROT OTOROTOROO OTOROTOROR OTOROTORRT OTOROTORRO OTOROTORRR OTOROTRTOR OTOROOTTOR OTOROOTORT OTOROOTORO OTOROOTORR OTOROOOTOR OTOROORTOR OTORORTTOR OTORORTORT OTORORTORO OTORORTORR OTOROROTOR OTORORRTOR OTORRTTTOR OTORRTTORT OTORRTTORO OTORRTTORR OTORRTOTOR OTORRTORTT OTORRTORTO OTORRTORTR OTORRTOROT OTORRTOROO OTORRTOROR OTORRTORRT OTORRTORRO OTORRTORRR OTORRTRTOR OTORROTTOR OTORROTORT OTORROTORO OTORROTORR OTORROOTOR OTORRORTOR OTORRRTTOR OTORRRTORT OTORRRTORO OTORRRTORR OTORRROTOR OTORRRRTOR OTRTTORTOR OTRTORTTOR OTRTORTORT OTRTORTORO OTRTORTORR OTRTOROTOR OTRTORRTOR OTROTORTOR OTRRTORTOR OOTTTORTOR OOTTORTTOR OOTTORTORT OOTTORTORO OOTTORTORR OOTTOROTOR OOTTORRTOR OOTOTORTOR OOTORTTTOR OOTORTTORT OOTORTTORO OOTORTTORR OOTORTOTOR OOTORTORTT OOTORTORTO OOTORTORTR OOTORTOROT OOTORTOROO OOTORTOROR OOTORTORRT OOTORTORRO OOTORTORRR OOTORTRTOR OOTOROTTOR OOTOROTORT OOTOROTORO OOTOROTORR OOTOROOTOR OOTORORTOR OOTORRTTOR OOTORRTORT OOTORRTORO OOTORRTORR OOTORROTOR OOTORRRTOR OOTRTORTOR OOOTTORTOR OOOTORTTOR OOOTORTORT OOOTORTORO OOOTORTORR OOOTOROTOR OOOTORRTOR OOOOTORTOR OOORTORTOR OORTTORTOR OORTORTTOR OORTORTORT OORTORTORO OORTORTORR OORTOROTOR OORTORRTOR OOROTORTOR OORRTORTOR ORTTTORTOR ORTTORTTOR ORTTORTORT ORTTORTORO ORTTORTORR ORTTOROTOR ORTTORRTOR ORTOTORTOR ORTORTTTOR ORTORTTORT ORTORTTORO ORTORTTORR ORTORTOTOR ORTORTORTT ORTORTORTO ORTORTORTR ORTORTOROT ORTORTOROO ORTORTOROR ORTORTORRT ORTORTORRO ORTORTORRR ORTORTRTOR ORTOROTTOR ORTOROTORT ORTOROTORO ORTOROTORR ORTOROOTOR ORTORORTOR ORTORRTTOR ORTORRTORT ORTORRTORO ORTORRTORR ORTORROTOR ORTORRRTOR ORTRTORTOR OROTTORTOR OROTORTTOR OROTORTORT OROTORTORO OROTORTORR OROTOROTOR OROTORRTOR OROOTORTOR ORORTORTOR ORRTTORTOR ORRTORTTOR ORRTORTORT ORRTORTORO ORRTORTORR ORRTOROTOR ORRTORRTOR ORROTORTOR ORRRTORTOR RTTTTORTOR RTTTORTTOR RTTTORTORT RTTTORTORO RTTTORTORR RTTTOROTOR RTTTORRTOR RTTOTORTOR RTTORTTTOR RTTORTTORT RTTORTTORO RTTORTTORR RTTORTOTOR RTTORTORTT RTTORTORTO RTTORTORTR RTTORTOROT RTTORTOROO RTTORTOROR RTTORTORRT RTTORTORRO RTTORTORRR RTTORTRTOR RTTOROTTOR RTTOROTORT RTTOROTORO RTTOROTORR RTTOROOTOR RTTORORTOR RTTORRTTOR RTTORRTORT RTTORRTORO RTTORRTORR RTTORROTOR RTTORRRTOR RTTRTORTOR RTOTTORTOR RTOTORTTOR RTOTORTORT RTOTORTORO RTOTORTORR RTOTOROTOR RTOTORRTOR RTOOTORTOR RTORTTTTOR RTORTTTORT RTORTTTORO RTORTTTORR RTORTTOTOR RTORTTORTT RTORTTORTO RTORTTORTR RTORTTOROT RTORTTOROO RTORTTOROR RTORTTORRT RTORTTORRO RTORTTORRR RTORTTRTOR RTORTOTTOR RTORTOTORT RTORTOTORO RTORTOTORR RTORTOOTOR RTORTORTTT RTORTORTTO RTORTORTTR RTORTORTOT RTORTORTOO RTORTORTRT RTORTORTRO RTORTORTRR RTORTOROTT RTORTOROTO RTORTOROTR RTORTOROOT RTORTOROOO RTORTOROOR RTORTORORT RTORTORORO RTORTORORR RTORTORRTT RTORTORRTO RTORTORRTR RTORTORROT RTORTORROO RTORTORROR RTORTORRRT RTORTORRRO RTORTORRRR RTORTRTTOR RTORTRTORT RTORTRTORO RTORTRTORR RTORTROTOR RTORTRRTOR RTOROTTTOR RTOROTTORT RTOROTTORO RTOROTTORR RTOROTOTOR RTOROTORTT RTOROTORTO RTOROTORTR RTOROTOROT RTOROTOROO RTOROTOROR RTOROTORRT RTOROTORRO RTOROTORRR RTOROTRTOR RTOROOTTOR RTOROOTORT RTOROOTORO RTOROOTORR RTOROOOTOR RTOROORTOR RTORORTTOR RTORORTORT RTORORTORO RTORORTORR RTOROROTOR RTORORRTOR RTORRTTTOR RTORRTTORT RTORRTTORO RTORRTTORR RTORRTOTOR RTORRTORTT RTORRTORTO RTORRTORTR RTORRTOROT RTORRTOROO RTORRTOROR RTORRTORRT RTORRTORRO RTORRTORRR RTORRTRTOR RTORROTTOR RTORROTORT RTORROTORO RTORROTORR RTORROOTOR RTORRORTOR RTORRRTTOR RTORRRTORT RTORRRTORO RTORRRTORR RTORRROTOR RTORRRRTOR RTRTTORTOR RTRTORTTOR RTRTORTORT RTRTORTORO RTRTORTORR RTRTOROTOR RTRTORRTOR RTROTORTOR RTRRTORTOR ROTTTORTOR ROTTORTTOR ROTTORTORT ROTTORTORO ROTTORTORR ROTTOROTOR ROTTORRTOR ROTOTORTOR ROTORTTTOR ROTORTTORT ROTORTTORO ROTORTTORR ROTORTOTOR ROTORTORTT ROTORTORTO ROTORTORTR ROTORTOROT ROTORTOROO ROTORTOROR ROTORTORRT ROTORTORRO ROTORTORRR ROTORTRTOR ROTOROTTOR ROTOROTORT ROTOROTORO ROTOROTORR ROTOROOTOR ROTORORTOR ROTORRTTOR ROTORRTORT ROTORRTORO ROTORRTORR ROTORROTOR ROTORRRTOR ROTRTORTOR ROOTTORTOR ROOTORTTOR ROOTORTORT ROOTORTORO ROOTORTORR ROOTOROTOR ROOTORRTOR ROOOTORTOR ROORTORTOR RORTTORTOR RORTORTTOR RORTORTORT RORTORTORO RORTORTORR RORTOROTOR RORTORRTOR ROROTORTOR RORRTORTOR RRTTTORTOR RRTTORTTOR RRTTORTORT RRTTORTORO RRTTORTORR RRTTOROTOR RRTTORRTOR RRTOTORTOR RRTORTTTOR RRTORTTORT RRTORTTORO RRTORTTORR RRTORTOTOR RRTORTORTT RRTORTORTO RRTORTORTR RRTORTOROT RRTORTOROO RRTORTOROR RRTORTORRT RRTORTORRO RRTORTORRR RRTORTRTOR RRTOROTTOR RRTOROTORT RRTOROTORO RRTOROTORR RRTOROOTOR RRTORORTOR RRTORRTTOR RRTORRTORT RRTORRTORO RRTORRTORR RRTORROTOR RRTORRRTOR RRTRTORTOR RROTTORTOR RROTORTTOR RROTORTORT RROTORTORO RROTORTORR RROTOROTOR RROTORRTOR RROOTORTOR RRORTORTOR RRRTTORTOR RRRTORTTOR RRRTORTORT RRRTORTORO RRRTORTORR RRRTOROTOR RRRTORRTOR RRROTORTOR RRRRTORTOR
