ME SAY BZZZ
ME SAY YEEEEEEY
ME SAY RED GOES FASTA
3
ME NO SAY BZZZ ANYMORE :c
ME NO SAY YEEEEEEY ANYMORE :c
1
ME NO SAY RED GOES FASTA ANYMORE :c
0
