moh: (), {}
Become something that seems to be moh
moh: ('moh?',), {}
Become something that seems to be moh?
