__init__: (2,), {}
square: (), {}
__str__: (), {}
4
square: (), {}
__str__: (), {}
16
square: (), {}
__str__: (), {}
256
square: (), {}
__str__: (), {}
65536
square: (), {}
__str__: (), {}
4294967296
square: (), {}
__str__: (), {}
18446744073709551616
square: (), {}
__str__: (), {}
340282366920938463463374607431768211456
square: (), {}
__str__: (), {}
115792089237316195423570985008687907853269984665640564039457584007913129639936
square: (), {}
__str__: (), {}
13407807929942597099574024998205846127479365820592393377723561443721764030073546976801874298166903427690031858186486050853753882811946569946433649006084096
square: (), {}
__str__: (), {}
179769313486231590772930519078902473361797697894230657273430081157732675805500963132708477322407536021120113879871393357658789768814416622492847430639474124377767893424865485276302219601246094119453082952085005768838150682342462881473913110540827237163350510684586298239947245938479716304835356329624224137216
