[3, 3, 4, 5, 8, 34, 35, 46, 75, 345, 756, 3454, 8678, 8769, 34523, 787687]
