#######
#.....#
#.....#
#.....#
#.....#
#.....#
#.....#
#.....#
#.....#
#.....#
#~~~~~#
#~~~~~#
#~~~~~#
#~~~~~#
#~~~~~#
#######
.................... 42/70
~~~~~~~~~~~~~        28/70
