###
#.#
#.#
#.#
#.#
#.#
#.#
#.#
#.#
#.#
#.#
#.#
#.#
#.#
#.#
#.#
#.#
#.#
#.#
#.#
#.#
#.#
#.#
#.#
#.#
#.#
#.#
#.#
#.#
#.#
#.#
#.#
#.#
#.#
#.#
#.#
#.#
#.#
#.#
#.#
#.#
#.#
#.#
#.#
#.#
#.#
#.#
#.#
#.#
#.#
#.#
#.#
#.#
#.#
#.#
#.#
#.#
#.#
#.#
#.#
#.#
#.#
#.#
#.#
#.#
#.#
###
.................... 65/65
                      0/65
