##########
#~~~~~~~~#
#~~~~~~~~#
#~~~~~~~~#
##########
...                   3/24
~~~~~~~~~~~~~~~~~~~~ 21/24
