/sanya_vertolet/sanya_vertolet
4
['2', '2', '8', '2', '2', '8']
6
'3of7'
