0
1
5.121703401973049
abobaabobaabobaabobaabobaabobaabobaaboba
Hello,World!!!
8
24
'4F15'
