[-8914, -8868, -8599, -8472, -7903, -7510, -7483, -7172, -6711, -6502, -6494, -5225, -5044, -4945, -4380, -4050, -3591, -3507, -3403, -2687, -1803, -1801, -1427, -1331, -1314, -882, -815, -710, -708, -271, -91, 156, 791, 1327, 1420, 1523, 2353, 2775, 3320, 4120, 4140, 4617, 4783, 4792, 4917, 5295, 5506, 5822, 6161, 6196, 6748, 6851, 7045, 7305, 7747, 7967, 8091, 8347, 8581, 8612, 8716, 8733, 9135, 9323, 9571]
