[-10000, -9444, -9384, -9201, -8991, -8960, -8597, -7457, -7243, -6436, -6221, -6210, -5671, -5157, -4958, -4785, -4615, -3683, -3573, -3294, -2583, -1963, -1938, -1897, -1814, -876, -553, -493, -453, -441, -188, 543, 764, 2188, 2427, 2647, 3045, 3157, 3332, 3426, 3903, 4526, 4662, 4676, 4766, 5036, 5050, 5065, 5561, 6198, 6524, 7233, 7786, 7912, 7956, 8143, 8322, 8348, 9305, 9620, 9647, 9806, 9814]
