[-9572, -8915, -7830, -7601, -7241, -7091, -6142, -5884, -5766, -5356, -4804, -4317, -3294, -2765, -2564, -2538, -2501, -2316, -1780, -1763, -1750, -1424, -719, -118, 243, 311, 1055, 1155, 2008, 2122, 2753, 2849, 2903, 2984, 3053, 3128, 3592, 4960, 6308, 6632, 6659, 6852, 6975, 8359, 8369, 8505, 9549, 9920]
